main.c:226:5:main	56	static
main.c:380:6:SystemClock_Config	88	static
main.c:428:13:MX_ADC1_Init	24	static
main.c:489:13:MX_I2C2_Init	8	static
main.c:523:13:MX_RTC_Init	16	static
main.c:580:13:MX_TIM1_Init	32	static
main.c:626:13:MX_TIM2_Init	32	static
main.c:671:13:MX_TIM4_Init	32	static
main.c:716:13:MX_USART1_UART_Init	8	static
main.c:749:13:MX_USART2_UART_Init	8	static
main.c:780:13:MX_DMA_Init	16	static
main.c:801:13:MX_GPIO_Init	48	static
main.c:873:6:HAL_RTCEx_RTCEventCallback	16	static
main.c:894:6:setup	8	static
main.c:923:6:HAL_UART_TxCpltCallback	16	static
main.c:930:6:HAL_UART_RxCpltCallback	24	static
main.c:947:6:HAL_UART_ErrorCallback	48	static
main.c:992:6:setModeRXuart2	8	static
main.c:997:6:sendDataFromPanel	24	static
main.c:1007:6:HAL_GPIO_EXTI_Callback	16	static
main.c:1014:6:HAL_TIM_PeriodElapsedCallback	16	static
main.c:1114:9:get_selector_position	24	static
main.c:1133:6:start_wash	16	static
main.c:1146:6:stop_wash	16	static
main.c:1157:6:led_off	16	static
main.c:1162:6:led_on	16	static
main.c:1168:6:beep	24	static
main.c:1184:6:check_errors	24	static
main.c:1199:6:status_wash_led	16	static
main.c:1223:6:running_lights	4	static
main.c:1246:6:error_display	16	static
main.c:1291:6:Error_Handler	4	static
