main.c:1199:6:status_wash_led.part.0	0	static
main.c:380:6:SystemClock_Config	96	static
main.c:992:6:setModeRXuart2	8	static
main.c:923:6:HAL_UART_TxCpltCallback	0	static
main.c:947:6:HAL_UART_ErrorCallback	40	static
main.c:997:6:sendDataFromPanel	8	static
main.c:1007:6:HAL_GPIO_EXTI_Callback	0	static
main.c:1114:9:get_selector_position	12	static
main.c:1133:6:start_wash	8	static
main.c:1157:6:led_off	0	static
main.c:1162:6:led_on	0	static
main.c:1168:6:beep	16	static
main.c:894:6:setup	8	static
main.c:1146:6:stop_wash	16	static
main.c:1184:6:check_errors	16	static
main.c:873:6:HAL_RTCEx_RTCEventCallback	8	static
main.c:930:6:HAL_UART_RxCpltCallback	8	static
main.c:1199:6:status_wash_led	0	static
main.c:1014:6:HAL_TIM_PeriodElapsedCallback	16	static
main.c:1223:6:running_lights	0	static
main.c:1246:6:error_display	16	static
main.c:226:5:main	120	static
main.c:1291:6:Error_Handler	0	static
